Ада
Азмак
Азмака
Айдере
Айтоска река
Аланско дере
Араплийска река
Арда
Арката
Арпадере
Арчар
Асеновска река
Атеренска река
Ахелой
Бакърдере
Балабандере
Баниски Лом
Банска река
Банщица
Барата
Батова река
Батулийска река
Бебреш
Бебровска река
Бедечка
Бела Места
Белевренска река
Бели Вит
Бели Искър
Бели Лом
Бели Осъм
Белица
Белишка река
Бисерска река
Бистрица
Блатница
Блато
Блягорница
Боадере
Боровица
Ботуня
Бохот
Боялъшка река
Боянска река
Брезнишка река
Брезовска река
Брестова река
Буновска река
Бързей
Бързина
Бързия
Бяла река
Велека
Веселина
Ветренска река
Видбол
Видима
Височица
Вит
Вищерица
Владайска река
Влахинска река
Война
Войнишка река
Врана
Върбица
Въртешница
Въча
Габерска река
Габровница
Габровница
Гашня
Герила
Главанска река
Главница
Глазне
Голяма Камчия
Голяма река
Голяма Сушица
Господаревска река
Гостиля
Градевска река
Граднишка река
Гращица
Гюрля
Давидковска река
Даръдере
Двойница
Девинска река
Девня
Делейнска река
Джебелска река
Джерман
Джубрена
Добринишка река
Добричка река
Доспат
Драгановска река
Драговищица
Дрипла
Дряновска река
Дунав
Дундарлия
Душилница
Дългоделска Огоста
Дяволска река
Еледжик
Елешница
Елийска река
Елховска река
Енинска река
Ерма
Златарица
Златаришка река
Златина
Златица
Златна Панега
Ибър
Изворска река
Искрецка река
Искър
Изток
Каварджиклийска река
Казълдере
Калаващица
Калайджи
Каламица
Калник
Калница
Каменица
Камчия
Канагьол
Канина
Карадере
Каракютючка река
Карамандере
Карамандере
Катунецка река
Каялийка
Керизбунар
Кесебир
Китенска река
Команска река
Конска река
Копривен
Костелска река
Костинбродска река
Котленска река
Кралевска река
Крапец
Крива река
Крумовица
Крушевска река
Кумруджа
Кьошдере
Лазова река
Лебница
Левченска река
Лесидренска река
Лесновска река
Логодашка река
Лом
Ломя
Лопушница
Луда Камчия
Луда река
Луда Мара
Луда Яна
Луда Яна
Луковица
Лява река
Макоцевска река
Малка Арда
Малки Искър
Малки Лом
Мараш
Марица
Мартинка
Медвенска река
Мелнишка река
Меричлерска река
Места
Мечка
Младежка река
Мочурица
Мугленска река
Мустанова река
Мъглижка река
Мътивир
Мътница
Мътница
Мътнишка река
Негованка
Неделинска река
Нечинска бара
Нишава
Новоселска река
Овчарица
Огоста
Омуровска река
Оролачка река
Осеновска река
Осъм
Очушница
Пакуша
Палакария
Перловска река
Перперек
Поповска река
Поповски Лом
Поройна
Потока
Превалска река
Провадийска река
Първенецка река
Пясъчник
Рабровска река
Равногорска река
Радова река
Резовска река
Ретиже
Рибине
Рилска река
Ропотамо
Росица
Русенски Лом
Русокастренска река
Сазлийка
Салашка река
Свеженска река
Светля
Сенковец
Синаповска река
Скомля
Скът
Сливнишка река
Соколица
Средецка река
Стакевска река
Стара река
Старата река
Стрелчанска Луда Яна
Струма
Струмешница
Стряма
Студена
Суха река
Суходолска река
Сушица
Сушичка река
Сърнена река
Текирска река
Тимок
Тополница
Тополовец
Топчийска река
Треклянска река
Тунджа
Турийска река
Тученица
Тъжа
Узунджовска река
Факийска река
Фъндъклийска река
Хаджийска река
Хаджиларска река
Харманлийска река
Хасковска река
Хлебаровска река
Хърсовска река
Цапаревска река
Царацар
Цибрица
Цибър
Чаирдере
Чаирлък
Ченгенедере
Чепеларска река
Чепинска река
Черкезица
Черковска река
Черна
Черна Места
Черни Вит
Черни Искър
Черни Лом
Черни Осъм
Чернялка
Чинардере
Чопарата
Чорбаджийска река
Чукарска река
Чупренска река
Шабленска река
Шаварна
Шипочаница
Широколъшка река
Шугавица
Юговска река
Ябланица
Явор
Яденица
Янтра 